
                    (?:
                        (?<CITY>[^\d,]+?)\W+
                        (?<STATE>\b(?:AK|AL|ALABAMA|ALASKA|AMERICAN\ SAMOA|AR|ARIZONA|ARKANSAS|AS|AZ|CA|CALIFORNIA|CO|COLORADO|CONNECTICUT|CT|DC|DE|DELAWARE|DISTRICT\ OF\ COLUMBIA|FEDERATED\ STATES\ OF\ MICRONESIA|FL|FLORIDA|FM|GA|GEORGIA|GU|GUAM|HAWAII|HI|IA|ID|IDAHO|IL|ILLINOIS|IN|INDIANA|IOWA|KANSAS|KENTUCKY|KS|KY|LA|LOUISIANA|MA|MAINE|MARSHALL\ ISLANDS|MARYLAND|MASSACHUSETTS|MD|ME|MH|MI|MICHIGAN|MINNESOTA|MISSISSIPPI|MISSOURI|MN|MO|MONTANA|MP|MS|MT|N\.Y\.|NC|ND|NE|NEBRASKA|NEVADA|NEW\ HAMPSHIRE|NEW\ JERSEY|NEW\ MEXICO|NEW\ YORK|NH|NJ|NM|NORTH\ CAROLINA|NORTH\ DAKOTA|NORTHERN\ MARIANA\ ISLANDS|NV|NY|OH|OHIO|OK|OKLAHOMA|OR|OREGON|PA|PALAU|PENNSYLVANIA|PR|PUERTO\ RICO|PW|RHODE\ ISLAND|RI|SC|SD|SOUTH\ CAROLINA|SOUTH\ DAKOTA|TENNESSEE|TEXAS|TN|TX|UT|UTAH|VA|VERMONT|VI|VIRGIN\ ISLANDS|VIRGINIA|VT|WA|WASHINGTON|WEST\ VIRGINIA|WI|WISCONSIN|WV|WY|WYOMING)\b?)
                    )
                