(?<SECONDARYUNIT>SU?I?TE|(?:AP)(?:AR)?T(?:ME?NT)?|(?:DEP)(?:AR)?T(?:ME?NT)?|RO*M|FLO*R?|UNI?T|BU?I?LDI?N?G|HA?NGA?R|KEY|LO?T|PIER|SLIP|SPA?CE?|STOP|TRA?I?LE?R|BOX)(?![a-z])