NORTH|NORTHEAST|EAST|SOUTHEAST|SOUTH|SOUTHWEST|WEST|NORTHWEST|N|NE|E|SE|S|SW|W|NW|N\.|N\.E\.|E\.|S\.E\.|S\.|S\.W\.|W\.|N\.W\.