
                    ^
                    # Special case for APO/FPO/DPO addresses
                    (
                        [^\w\#]*
                        (?<STREETLINE>.+?)
                        (?<CITY>[AFD]PO)\W+
                        (?<STATE>A[AEP])\W+
                        (?<ZIP>\d{5}(?:-?\d{4})?)
                        \W*
                    )
                    |
                    # Special case for PO boxes
                    (
                        \W*
                        (?<STREETLINE>(P[\.\ ]?O[\.\ ]?\ )?BOX\ [0-9]+)\W+
                        
                    (?:
                    (?:
                        (?<CITY>[^\d,]+?)\W+
                        (?<STATE>\b(?:AK|AL|ALABAMA|ALASKA|AMERICAN\ SAMOA|AR|ARIZONA|ARKANSAS|AS|AZ|CA|CALIFORNIA|CO|COLORADO|CONNECTICUT|CT|DC|DE|DELAWARE|DISTRICT\ OF\ COLUMBIA|FEDERATED\ STATES\ OF\ MICRONESIA|FL|FLORIDA|FM|GA|GEORGIA|GU|GUAM|HAWAII|HI|IA|ID|IDAHO|IL|ILLINOIS|IN|INDIANA|IOWA|KANSAS|KENTUCKY|KS|KY|LA|LOUISIANA|MA|MAINE|MARSHALL\ ISLANDS|MARYLAND|MASSACHUSETTS|MD|ME|MH|MI|MICHIGAN|MINNESOTA|MISSISSIPPI|MISSOURI|MN|MO|MONTANA|MP|MS|MT|N\.Y\.|NC|ND|NE|NEBRASKA|NEVADA|NEW\ HAMPSHIRE|NEW\ JERSEY|NEW\ MEXICO|NEW\ YORK|NH|NJ|NM|NORTH\ CAROLINA|NORTH\ DAKOTA|NORTHERN\ MARIANA\ ISLANDS|NV|NY|OH|OHIO|OK|OKLAHOMA|OR|OREGON|PA|PALAU|PENNSYLVANIA|PR|PUERTO\ RICO|PW|RHODE\ ISLAND|RI|SC|SD|SOUTH\ CAROLINA|SOUTH\ DAKOTA|TENNESSEE|TEXAS|TN|TX|UT|UTAH|VA|VERMONT|VI|VIRGIN\ ISLANDS|VIRGINIA|VT|WA|WASHINGTON|WEST\ VIRGINIA|WI|WISCONSIN|WV|WY|WYOMING)\b?)
                    )
                \W*)?
                    (?:(?<ZIP>\d{5}(?:-?\d{4})?))?
                
                        \W*
                    )
                    |
                    (
                        [^\w\#]*    # skip non-word chars except # (e.g. unit)
                        (  (
                    ((?<NUMBER>\d+)(?<SECONDARYNUMBER>(-[0-9])|(\-?[A-Z]))(?=\b))    # Unit-attached
                    |(?<NUMBER>\d+[\-\ ]?\d+\/\d+)                                   # Fractional
                    |(?<NUMBER>\d+-?\d*)                                             # Normal Number
                    |(?<NUMBER>[NSWE]\ ?\d+\ ?[NSWE]\ ?\d+)                          # Wisconsin/Illinois
                  ) )\W*
                           
                        (?:
                          # special case for addresses like 100 South Street
                          (?:(?<STREET>NORTH|NORTHEAST|EAST|SOUTHEAST|SOUTH|SOUTHWEST|WEST|NORTHWEST|N|NE|E|SE|S|SW|W|NW|N\.|N\.E\.|E\.|S\.E\.|S\.|S\.W\.|W\.|N\.W\.)\W+
                             (?<SUFFIX>ALLEE|ALLEY|ALLY|ALY|ANEX|ANNEX|ANNX|ANX|ARC|ARCADE|AV|AVE|AVEN|AVENU|AVENUE|AVN|AVNUE|BAYOO|BAYOU|BCH|BEACH|BEND|BG|BGS|BLF|BLFS|BLUF|BLUFF|BLUFFS|BLVD|BND|BOT|BOTTM|BOTTOM|BOUL|BOULEVARD|BOULV|BR|BRANCH|BRDGE|BRG|BRIDGE|BRK|BRKS|BRNCH|BROOK|BROOKS|BTM|BURG|BURGS|BYP|BYPA|BYPAS|BYPASS|BYPS|BYU|CAMP|CANYN|CANYON|CAPE|CAUSEWAY|CAUSWAY|CEN|CENT|CENTER|CENTERS|CENTR|CENTRE|CIR|CIRC|CIRCL|CIRCLE|CIRCLES|CIRS|CK|CLB|CLF|CLFS|CLIFF|CLIFFS|CLUB|CMN|CMP|CNTER|CNTR|CNYN|COMMON|COR|CORNER|CORNERS|CORS|COURSE|COURT|COURTS|COVE|COVES|CP|CPE|CR|CRCL|CRCLE|CRECENT|CREEK|CRES|CRESCENT|CRESENT|CREST|CRK|CROSSING|CROSSROAD|CRSCNT|CRSE|CRSENT|CRSNT|CRSSING|CRSSNG|CRST|CRT|CSWY|CT|CTR|CTRS|CTS|CURV|CURVE|CV|CVS|CYN|DALE|DAM|DIV|DIVIDE|DL|DM|DR|DRIV|DRIVE|DRIVES|DRS|DRV|DV|DVD|EDGE|EST|ESTATE|ESTATES|ESTS|EXP|EXPR|EXPRESS|EXPRESSWAY|EXPW|EXPY|EXT|EXTENSION|EXTENSIONS|EXTN|EXTNSN|EXTS|FALLS|FERRY|FIELD|FIELDS|FLAT|FLATS|FLD|FLDS|FLS|FLT|FLTS|FORD|FORDS|FOREST|FORESTS|FORG|FORGE|FORGES|FORK|FORKS|FORT|FRD|FRDS|FREEWAY|FREEWY|FRG|FRGS|FRK|FRKS|FRRY|FRST|FRT|FRWAY|FRWY|FRY|FT|FWY|GARDEN|GARDENS|GARDN|GATEWAY|GATEWY|GATWAY|GDN|GDNS|GLEN|GLENS|GLN|GLNS|GRDEN|GRDN|GRDNS|GREEN|GREENS|GRN|GRNS|GROV|GROVE|GROVES|GRV|GRVS|GTWAY|GTWY|HARB|HARBOR|HARBORS|HARBR|HAVEN|HAVN|HBR|HBRS|HEIGHT|HEIGHTS|HGTS|HIGHWAY|HIGHWY|HILL|HILLS|HIWAY|HIWY|HL|HLLW|HLS|HOLLOW|HOLLOWS|HOLW|HOLWS|HRBOR|HT|HTS|HVN|HWAY|HWY|INLET|INLT|IS|ISLAND|ISLANDS|ISLE|ISLES|ISLND|ISLNDS|ISS|JCT|JCTION|JCTN|JCTNS|JCTS|JUNCTION|JUNCTIONS|JUNCTN|JUNCTON|KEY|KEYS|KNL|KNLS|KNOL|KNOLL|KNOLLS|KY|KYS|LA|LAKE|LAKES|LANDING|LANE|LANES|LCK|LCKS|LDG|LDGE|LF|LGT|LGTS|LIGHT|LIGHTS|LK|LKS|LN|LNDG|LNDNG|LOAF|LOCK|LOCKS|LODG|LODGE|LOOP|LOOPS|MANOR|MANORS|MDW|MDWS|MEADOW|MEADOWS|MEDOWS|MILL|MILLS|MISSION|MISSN|ML|MLS|MNR|MNRS|MNT|MNTAIN|MNTN|MNTNS|MOTORWAY|MOUNT|MOUNTAIN|MOUNTAINS|MOUNTIN|MSN|MSSN|MT|MTIN|MTN|MTNS|MTWY|NCK|NECK|OPAS|ORCH|ORCHARD|ORCHRD|OVAL|OVERPASS|OVL|PARK|PARKS|PARKWAY|PARKWAYS|PARKWY|PASSAGE|PATH|PATHS|PIKE|PIKES|PINE|PINES|PK|PKWAY|PKWY|PKWYS|PKY|PL|PLACE|PLAIN|PLAINES|PLAINS|PLAZA|PLN|PLNS|PLZ|PLZA|PNE|PNES|POINT|POINTS|PORT|PORTS|PR|PRAIRIE|PRARIE|PRK|PRR|PRT|PRTS|PSGE|PT|PTS|RAD|RADIAL|RADIEL|RADL|RANCH|RANCHES|RAPID|RAPIDS|RD|RDG|RDGE|RDGS|RDS|REST|RIDGE|RIDGES|RIV|RIVER|RIVR|RNCH|RNCHS|ROAD|ROADS|ROUTE|RPD|RPDS|RST|RTE|RVR|SHL|SHLS|SHOAL|SHOALS|SHOAR|SHOARS|SHORE|SHORES|SHR|SHRS|SKWY|SKYWAY|SMT|SPG|SPGS|SPNG|SPNGS|SPRING|SPRINGS|SPRNG|SPRNGS|SPUR|SPURS|SQ|SQR|SQRE|SQRS|SQS|SQU|SQUARE|SQUARES|ST|STA|STATION|STATN|STN|STR|STRA|STRAV|STRAVE|STRAVEN|STRAVENUE|STRAVN|STREAM|STREET|STREETS|STREME|STRM|STRT|STRVN|STRVNUE|STS|SUMIT|SUMITT|SUMMIT|TER|TERR|TERRACE|THROUGHWAY|TPK|TPKE|TR|TRACE|TRACES|TRACK|TRACKS|TRAFFICWAY|TRAIL|TRAILS|TRAK|TRCE|TRFY|TRK|TRKS|TRL|TRLS|TRNPK|TRPK|TRWY|TUNEL|TUNL|TUNLS|TUNNEL|TUNNELS|TUNNL|TURNPIKE|TURNPK|UN|UNDERPASS|UNION|UNIONS|UNS|UPAS|VALLEY|VALLEYS|VALLY|VDCT|VIA|VIADCT|VIADUCT|VIEW|VIEWS|VILL|VILLAG|VILLAGE|VILLAGES|VILLE|VILLG|VILLIAGE|VIS|VIST|VISTA|VL|VLG|VLGS|VLLY|VLY|VLYS|VST|VSTA|VW|VWS|WALK|WALKS|WAY|WELL|WELLS|WL|WLS|WY|XING|XRD)\b)
                          |
                          (?:(?<PREDIRECTIONAL>NORTH|NORTHEAST|EAST|SOUTHEAST|SOUTH|SOUTHWEST|WEST|NORTHWEST|N|NE|E|SE|S|SW|W|NW|N\.|N\.E\.|E\.|S\.E\.|S\.|S\.W\.|W\.|N\.W\.)\W+)?
                          (?:
                            (?<STREET>[^,]*\d)
                            (?:[^\w,]*(?<POSTDIRECTIONAL>NORTH|NORTHEAST|EAST|SOUTHEAST|SOUTH|SOUTHWEST|WEST|NORTHWEST|N|NE|E|SE|S|SW|W|NW|N\.|N\.E\.|E\.|S\.E\.|S\.|S\.W\.|W\.|N\.W\.)\b)
                           |
                            (?<STREET>[^,]+)
                            (?:[^\w,]+(?<SUFFIX>ALLEE|ALLEY|ALLY|ALY|ANEX|ANNEX|ANNX|ANX|ARC|ARCADE|AV|AVE|AVEN|AVENU|AVENUE|AVN|AVNUE|BAYOO|BAYOU|BCH|BEACH|BEND|BG|BGS|BLF|BLFS|BLUF|BLUFF|BLUFFS|BLVD|BND|BOT|BOTTM|BOTTOM|BOUL|BOULEVARD|BOULV|BR|BRANCH|BRDGE|BRG|BRIDGE|BRK|BRKS|BRNCH|BROOK|BROOKS|BTM|BURG|BURGS|BYP|BYPA|BYPAS|BYPASS|BYPS|BYU|CAMP|CANYN|CANYON|CAPE|CAUSEWAY|CAUSWAY|CEN|CENT|CENTER|CENTERS|CENTR|CENTRE|CIR|CIRC|CIRCL|CIRCLE|CIRCLES|CIRS|CK|CLB|CLF|CLFS|CLIFF|CLIFFS|CLUB|CMN|CMP|CNTER|CNTR|CNYN|COMMON|COR|CORNER|CORNERS|CORS|COURSE|COURT|COURTS|COVE|COVES|CP|CPE|CR|CRCL|CRCLE|CRECENT|CREEK|CRES|CRESCENT|CRESENT|CREST|CRK|CROSSING|CROSSROAD|CRSCNT|CRSE|CRSENT|CRSNT|CRSSING|CRSSNG|CRST|CRT|CSWY|CT|CTR|CTRS|CTS|CURV|CURVE|CV|CVS|CYN|DALE|DAM|DIV|DIVIDE|DL|DM|DR|DRIV|DRIVE|DRIVES|DRS|DRV|DV|DVD|EDGE|EST|ESTATE|ESTATES|ESTS|EXP|EXPR|EXPRESS|EXPRESSWAY|EXPW|EXPY|EXT|EXTENSION|EXTENSIONS|EXTN|EXTNSN|EXTS|FALLS|FERRY|FIELD|FIELDS|FLAT|FLATS|FLD|FLDS|FLS|FLT|FLTS|FORD|FORDS|FOREST|FORESTS|FORG|FORGE|FORGES|FORK|FORKS|FORT|FRD|FRDS|FREEWAY|FREEWY|FRG|FRGS|FRK|FRKS|FRRY|FRST|FRT|FRWAY|FRWY|FRY|FT|FWY|GARDEN|GARDENS|GARDN|GATEWAY|GATEWY|GATWAY|GDN|GDNS|GLEN|GLENS|GLN|GLNS|GRDEN|GRDN|GRDNS|GREEN|GREENS|GRN|GRNS|GROV|GROVE|GROVES|GRV|GRVS|GTWAY|GTWY|HARB|HARBOR|HARBORS|HARBR|HAVEN|HAVN|HBR|HBRS|HEIGHT|HEIGHTS|HGTS|HIGHWAY|HIGHWY|HILL|HILLS|HIWAY|HIWY|HL|HLLW|HLS|HOLLOW|HOLLOWS|HOLW|HOLWS|HRBOR|HT|HTS|HVN|HWAY|HWY|INLET|INLT|IS|ISLAND|ISLANDS|ISLE|ISLES|ISLND|ISLNDS|ISS|JCT|JCTION|JCTN|JCTNS|JCTS|JUNCTION|JUNCTIONS|JUNCTN|JUNCTON|KEY|KEYS|KNL|KNLS|KNOL|KNOLL|KNOLLS|KY|KYS|LA|LAKE|LAKES|LANDING|LANE|LANES|LCK|LCKS|LDG|LDGE|LF|LGT|LGTS|LIGHT|LIGHTS|LK|LKS|LN|LNDG|LNDNG|LOAF|LOCK|LOCKS|LODG|LODGE|LOOP|LOOPS|MANOR|MANORS|MDW|MDWS|MEADOW|MEADOWS|MEDOWS|MILL|MILLS|MISSION|MISSN|ML|MLS|MNR|MNRS|MNT|MNTAIN|MNTN|MNTNS|MOTORWAY|MOUNT|MOUNTAIN|MOUNTAINS|MOUNTIN|MSN|MSSN|MT|MTIN|MTN|MTNS|MTWY|NCK|NECK|OPAS|ORCH|ORCHARD|ORCHRD|OVAL|OVERPASS|OVL|PARK|PARKS|PARKWAY|PARKWAYS|PARKWY|PASSAGE|PATH|PATHS|PIKE|PIKES|PINE|PINES|PK|PKWAY|PKWY|PKWYS|PKY|PL|PLACE|PLAIN|PLAINES|PLAINS|PLAZA|PLN|PLNS|PLZ|PLZA|PNE|PNES|POINT|POINTS|PORT|PORTS|PR|PRAIRIE|PRARIE|PRK|PRR|PRT|PRTS|PSGE|PT|PTS|RAD|RADIAL|RADIEL|RADL|RANCH|RANCHES|RAPID|RAPIDS|RD|RDG|RDGE|RDGS|RDS|REST|RIDGE|RIDGES|RIV|RIVER|RIVR|RNCH|RNCHS|ROAD|ROADS|ROUTE|RPD|RPDS|RST|RTE|RVR|SHL|SHLS|SHOAL|SHOALS|SHOAR|SHOARS|SHORE|SHORES|SHR|SHRS|SKWY|SKYWAY|SMT|SPG|SPGS|SPNG|SPNGS|SPRING|SPRINGS|SPRNG|SPRNGS|SPUR|SPURS|SQ|SQR|SQRE|SQRS|SQS|SQU|SQUARE|SQUARES|ST|STA|STATION|STATN|STN|STR|STRA|STRAV|STRAVE|STRAVEN|STRAVENUE|STRAVN|STREAM|STREET|STREETS|STREME|STRM|STRT|STRVN|STRVNUE|STS|SUMIT|SUMITT|SUMMIT|TER|TERR|TERRACE|THROUGHWAY|TPK|TPKE|TR|TRACE|TRACES|TRACK|TRACKS|TRAFFICWAY|TRAIL|TRAILS|TRAK|TRCE|TRFY|TRK|TRKS|TRL|TRLS|TRNPK|TRPK|TRWY|TUNEL|TUNL|TUNLS|TUNNEL|TUNNELS|TUNNL|TURNPIKE|TURNPK|UN|UNDERPASS|UNION|UNIONS|UNS|UPAS|VALLEY|VALLEYS|VALLY|VDCT|VIA|VIADCT|VIADUCT|VIEW|VIEWS|VILL|VILLAG|VILLAGE|VILLAGES|VILLE|VILLG|VILLIAGE|VIS|VIST|VISTA|VL|VLG|VLGS|VLLY|VLY|VLYS|VST|VSTA|VW|VWS|WALK|WALKS|WAY|WELL|WELLS|WL|WLS|WY|XING|XRD)\b)
                            (?:[^\w,]+(?<POSTDIRECTIONAL>NORTH|NORTHEAST|EAST|SOUTHEAST|SOUTH|SOUTHWEST|WEST|NORTHWEST|N|NE|E|SE|S|SW|W|NW|N\.|N\.E\.|E\.|S\.E\.|S\.|S\.W\.|W\.|N\.W\.)\b)?
                           |
                            (?<STREET>[^,]+?)
                            (?:[^\w,]+(?<SUFFIX>ALLEE|ALLEY|ALLY|ALY|ANEX|ANNEX|ANNX|ANX|ARC|ARCADE|AV|AVE|AVEN|AVENU|AVENUE|AVN|AVNUE|BAYOO|BAYOU|BCH|BEACH|BEND|BG|BGS|BLF|BLFS|BLUF|BLUFF|BLUFFS|BLVD|BND|BOT|BOTTM|BOTTOM|BOUL|BOULEVARD|BOULV|BR|BRANCH|BRDGE|BRG|BRIDGE|BRK|BRKS|BRNCH|BROOK|BROOKS|BTM|BURG|BURGS|BYP|BYPA|BYPAS|BYPASS|BYPS|BYU|CAMP|CANYN|CANYON|CAPE|CAUSEWAY|CAUSWAY|CEN|CENT|CENTER|CENTERS|CENTR|CENTRE|CIR|CIRC|CIRCL|CIRCLE|CIRCLES|CIRS|CK|CLB|CLF|CLFS|CLIFF|CLIFFS|CLUB|CMN|CMP|CNTER|CNTR|CNYN|COMMON|COR|CORNER|CORNERS|CORS|COURSE|COURT|COURTS|COVE|COVES|CP|CPE|CR|CRCL|CRCLE|CRECENT|CREEK|CRES|CRESCENT|CRESENT|CREST|CRK|CROSSING|CROSSROAD|CRSCNT|CRSE|CRSENT|CRSNT|CRSSING|CRSSNG|CRST|CRT|CSWY|CT|CTR|CTRS|CTS|CURV|CURVE|CV|CVS|CYN|DALE|DAM|DIV|DIVIDE|DL|DM|DR|DRIV|DRIVE|DRIVES|DRS|DRV|DV|DVD|EDGE|EST|ESTATE|ESTATES|ESTS|EXP|EXPR|EXPRESS|EXPRESSWAY|EXPW|EXPY|EXT|EXTENSION|EXTENSIONS|EXTN|EXTNSN|EXTS|FALLS|FERRY|FIELD|FIELDS|FLAT|FLATS|FLD|FLDS|FLS|FLT|FLTS|FORD|FORDS|FOREST|FORESTS|FORG|FORGE|FORGES|FORK|FORKS|FORT|FRD|FRDS|FREEWAY|FREEWY|FRG|FRGS|FRK|FRKS|FRRY|FRST|FRT|FRWAY|FRWY|FRY|FT|FWY|GARDEN|GARDENS|GARDN|GATEWAY|GATEWY|GATWAY|GDN|GDNS|GLEN|GLENS|GLN|GLNS|GRDEN|GRDN|GRDNS|GREEN|GREENS|GRN|GRNS|GROV|GROVE|GROVES|GRV|GRVS|GTWAY|GTWY|HARB|HARBOR|HARBORS|HARBR|HAVEN|HAVN|HBR|HBRS|HEIGHT|HEIGHTS|HGTS|HIGHWAY|HIGHWY|HILL|HILLS|HIWAY|HIWY|HL|HLLW|HLS|HOLLOW|HOLLOWS|HOLW|HOLWS|HRBOR|HT|HTS|HVN|HWAY|HWY|INLET|INLT|IS|ISLAND|ISLANDS|ISLE|ISLES|ISLND|ISLNDS|ISS|JCT|JCTION|JCTN|JCTNS|JCTS|JUNCTION|JUNCTIONS|JUNCTN|JUNCTON|KEY|KEYS|KNL|KNLS|KNOL|KNOLL|KNOLLS|KY|KYS|LA|LAKE|LAKES|LANDING|LANE|LANES|LCK|LCKS|LDG|LDGE|LF|LGT|LGTS|LIGHT|LIGHTS|LK|LKS|LN|LNDG|LNDNG|LOAF|LOCK|LOCKS|LODG|LODGE|LOOP|LOOPS|MANOR|MANORS|MDW|MDWS|MEADOW|MEADOWS|MEDOWS|MILL|MILLS|MISSION|MISSN|ML|MLS|MNR|MNRS|MNT|MNTAIN|MNTN|MNTNS|MOTORWAY|MOUNT|MOUNTAIN|MOUNTAINS|MOUNTIN|MSN|MSSN|MT|MTIN|MTN|MTNS|MTWY|NCK|NECK|OPAS|ORCH|ORCHARD|ORCHRD|OVAL|OVERPASS|OVL|PARK|PARKS|PARKWAY|PARKWAYS|PARKWY|PASSAGE|PATH|PATHS|PIKE|PIKES|PINE|PINES|PK|PKWAY|PKWY|PKWYS|PKY|PL|PLACE|PLAIN|PLAINES|PLAINS|PLAZA|PLN|PLNS|PLZ|PLZA|PNE|PNES|POINT|POINTS|PORT|PORTS|PR|PRAIRIE|PRARIE|PRK|PRR|PRT|PRTS|PSGE|PT|PTS|RAD|RADIAL|RADIEL|RADL|RANCH|RANCHES|RAPID|RAPIDS|RD|RDG|RDGE|RDGS|RDS|REST|RIDGE|RIDGES|RIV|RIVER|RIVR|RNCH|RNCHS|ROAD|ROADS|ROUTE|RPD|RPDS|RST|RTE|RVR|SHL|SHLS|SHOAL|SHOALS|SHOAR|SHOARS|SHORE|SHORES|SHR|SHRS|SKWY|SKYWAY|SMT|SPG|SPGS|SPNG|SPNGS|SPRING|SPRINGS|SPRNG|SPRNGS|SPUR|SPURS|SQ|SQR|SQRE|SQRS|SQS|SQU|SQUARE|SQUARES|ST|STA|STATION|STATN|STN|STR|STRA|STRAV|STRAVE|STRAVEN|STRAVENUE|STRAVN|STREAM|STREET|STREETS|STREME|STRM|STRT|STRVN|STRVNUE|STS|SUMIT|SUMITT|SUMMIT|TER|TERR|TERRACE|THROUGHWAY|TPK|TPKE|TR|TRACE|TRACES|TRACK|TRACKS|TRAFFICWAY|TRAIL|TRAILS|TRAK|TRCE|TRFY|TRK|TRKS|TRL|TRLS|TRNPK|TRPK|TRWY|TUNEL|TUNL|TUNLS|TUNNEL|TUNNELS|TUNNL|TURNPIKE|TURNPK|UN|UNDERPASS|UNION|UNIONS|UNS|UPAS|VALLEY|VALLEYS|VALLY|VDCT|VIA|VIADCT|VIADUCT|VIEW|VIEWS|VILL|VILLAG|VILLAGE|VILLAGES|VILLE|VILLG|VILLIAGE|VIS|VIST|VISTA|VL|VLG|VLGS|VLLY|VLY|VLYS|VST|VSTA|VW|VWS|WALK|WALKS|WAY|WELL|WELLS|WL|WLS|WY|XING|XRD)\b)?
                            (?:[^\w,]+(?<POSTDIRECTIONAL>NORTH|NORTHEAST|EAST|SOUTHEAST|SOUTH|SOUTHWEST|WEST|NORTHWEST|N|NE|E|SE|S|SW|W|NW|N\.|N\.E\.|E\.|S\.E\.|S\.|S\.W\.|W\.|N\.W\.)\b)?
                          )
                        )
                    \W+
                        (?:
                    (
                        (:?
                            (?: (?:(?<SECONDARYUNIT>SU?I?TE|(?:AP)(?:AR)?T(?:ME?NT)?|(?:DEP)(?:AR)?T(?:ME?NT)?|RO*M|FLO*R?|UNI?T|BU?I?LDI?N?G|HA?NGA?R|KEY|LO?T|PIER|SLIP|SPA?CE?|STOP|TRA?I?LE?R|BOX)(?![a-z]) \W*)
                                | (?<SECONDARYUNIT>\#)\W*
                            )
                            (?<SECONDARYNUMBER>[\w-]+)
                        )
                        |\b(?<SECONDARYUNIT>BA?SE?ME?N?T|FRO?NT|LO?BBY|LOWE?R|OFF?I?CE?|PE?N?T?HO?U?S?E?|REAR|SIDE|UPPE?R)\b
                    ),?
                \W+)?
                           
                    (?:
                    (?:
                        (?<CITY>[^\d,]+?)\W+
                        (?<STATE>\b(?:AK|AL|ALABAMA|ALASKA|AMERICAN\ SAMOA|AR|ARIZONA|ARKANSAS|AS|AZ|CA|CALIFORNIA|CO|COLORADO|CONNECTICUT|CT|DC|DE|DELAWARE|DISTRICT\ OF\ COLUMBIA|FEDERATED\ STATES\ OF\ MICRONESIA|FL|FLORIDA|FM|GA|GEORGIA|GU|GUAM|HAWAII|HI|IA|ID|IDAHO|IL|ILLINOIS|IN|INDIANA|IOWA|KANSAS|KENTUCKY|KS|KY|LA|LOUISIANA|MA|MAINE|MARSHALL\ ISLANDS|MARYLAND|MASSACHUSETTS|MD|ME|MH|MI|MICHIGAN|MINNESOTA|MISSISSIPPI|MISSOURI|MN|MO|MONTANA|MP|MS|MT|N\.Y\.|NC|ND|NE|NEBRASKA|NEVADA|NEW\ HAMPSHIRE|NEW\ JERSEY|NEW\ MEXICO|NEW\ YORK|NH|NJ|NM|NORTH\ CAROLINA|NORTH\ DAKOTA|NORTHERN\ MARIANA\ ISLANDS|NV|NY|OH|OHIO|OK|OKLAHOMA|OR|OREGON|PA|PALAU|PENNSYLVANIA|PR|PUERTO\ RICO|PW|RHODE\ ISLAND|RI|SC|SD|SOUTH\ CAROLINA|SOUTH\ DAKOTA|TENNESSEE|TEXAS|TN|TX|UT|UTAH|VA|VERMONT|VI|VIRGIN\ ISLANDS|VIRGINIA|VT|WA|WASHINGTON|WEST\ VIRGINIA|WI|WISCONSIN|WV|WY|WYOMING)\b?)
                    )
                \W*)?
                    (?:(?<ZIP>\d{5}(?:-?\d{4})?))?
                
                        \W*         # require on non-word chars at end
                    )
                    $           # right up to end of string
                